note: Running TeX ...
note: Running BibTeX on paper.aux ...
note: Rerunning TeX because bibtex was run ...
note: Rerunning TeX because "paper.aux" changed ...
note: Running xdvipdfmx ...
note: Writing `/root/sft-drift/belief-transfer/out/factory_farming/paper_attribution_v2/paper.pdf` (148.4169921875 KiB)
note: Skipped writing 3 intermediate files (use --keep-intermediates to keep them)
warning: paper.tex:241: Overfull \hbox (21.40881pt too wide) in paragraph at lines 188--241
warning: paper.tex:339: Underfull \hbox (badness 7344) in paragraph at lines 339--339
warning: paper.tex:343: Underfull \hbox (badness 10000) in paragraph at lines 343--343
warning: paper.tex:343: Underfull \hbox (badness 4569) in paragraph at lines 343--343
warning: paper.tex:345: Underfull \hbox (badness 10000) in paragraph at lines 345--345
warning: paper.tex:345: Underfull \hbox (badness 2237) in paragraph at lines 345--345
warning: paper.tex:353: Underfull \hbox (badness 2142) in paragraph at lines 353--353
warning: paper.tex:407: Overfull \hbox (19.47743pt too wide) in alignment at lines 329--407
warning: paper.tex:241: Overfull \hbox (21.40881pt too wide) in paragraph at lines 188--241
warning: paper.tex:321: Overfull \hbox (19.47743pt too wide) in alignment at lines 314--321
warning: paper.tex:325: Overfull \hbox (19.47743pt too wide) in alignment at lines 321--325
warning: paper.tex:327: Overfull \hbox (19.47743pt too wide) in alignment at lines 325--327
warning: paper.tex:329: Overfull \hbox (19.47743pt too wide) in alignment at lines 327--329
warning: paper.tex:339: Underfull \hbox (badness 7344) in paragraph at lines 339--339
warning: paper.tex:343: Underfull \hbox (badness 10000) in paragraph at lines 343--343
warning: paper.tex:343: Underfull \hbox (badness 4569) in paragraph at lines 343--343
warning: paper.tex:345: Underfull \hbox (badness 10000) in paragraph at lines 345--345
warning: paper.tex:345: Underfull \hbox (badness 2237) in paragraph at lines 345--345
warning: paper.tex:353: Underfull \hbox (badness 2142) in paragraph at lines 353--353
warning: paper.tex:407: Overfull \hbox (19.47743pt too wide) in alignment at lines 329--407
warning: paper.tex:241: Overfull \hbox (21.40881pt too wide) in paragraph at lines 188--241
warning: paper.tex:321: Overfull \hbox (19.47743pt too wide) in alignment at lines 314--321
warning: paper.tex:325: Overfull \hbox (19.47743pt too wide) in alignment at lines 321--325
warning: paper.tex:327: Overfull \hbox (19.47743pt too wide) in alignment at lines 325--327
warning: paper.tex:329: Overfull \hbox (19.47743pt too wide) in alignment at lines 327--329
warning: paper.tex:339: Underfull \hbox (badness 7344) in paragraph at lines 339--339
warning: paper.tex:343: Underfull \hbox (badness 10000) in paragraph at lines 343--343
warning: paper.tex:343: Underfull \hbox (badness 4569) in paragraph at lines 343--343
warning: paper.tex:345: Underfull \hbox (badness 10000) in paragraph at lines 345--345
warning: paper.tex:345: Underfull \hbox (badness 2237) in paragraph at lines 345--345
warning: paper.tex:353: Underfull \hbox (badness 2142) in paragraph at lines 353--353
warning: paper.tex:407: Overfull \hbox (19.47743pt too wide) in alignment at lines 329--407
warning: warnings were issued by the TeX engine; use --print and/or --keep-logs for details.
